d:\vs-code\igclwrapper\igclwrapper\igclwrapper\x64\debug\igclwrapper.pch
d:\vs-code\igclwrapper\igclwrapper\igclwrapper\x64\debug\vc143.pdb
d:\vs-code\igclwrapper\igclwrapper\igclwrapper\x64\debug\vc143.idb
d:\vs-code\igclwrapper\igclwrapper\igclwrapper\x64\debug\pch.obj
d:\vs-code\igclwrapper\igclwrapper\igclwrapper\x64\debug\dllmain.obj
d:\vs-code\igclwrapper\igclwrapper\igclwrapper\x64\debug\igclwrapper_wrap.obj
d:\vs-code\igclwrapper\igclwrapper\igclwrapper\x64\debug\capiwrapper.obj
d:\vs-code\igclwrapper\igclwrapper\igclwrapper_wrap.cxx
d:\vs-code\igclwrapper\igclwrapper\x64\debug\igclwrapper.dll
d:\vs-code\igclwrapper\igclwrapper\x64\debug\igclwrapper.pdb
d:\vs-code\igclwrapper\igclwrapper\x64\debug\igclwrapper.lib
d:\vs-code\igclwrapper\igclwrapper\x64\debug\igclwrapper.exp
d:\vs-code\igclwrapper\igclwrapper\igclwrapper\x64\debug\igclwrapper.ilk
d:\vs-code\igclwrapper\igclwrapper\igclwrapper\x64\debug\igclwrapper.tlog\cl.command.1.tlog
d:\vs-code\igclwrapper\igclwrapper\igclwrapper\x64\debug\igclwrapper.tlog\cl.items.tlog
d:\vs-code\igclwrapper\igclwrapper\igclwrapper\x64\debug\igclwrapper.tlog\cl.read.1.tlog
d:\vs-code\igclwrapper\igclwrapper\igclwrapper\x64\debug\igclwrapper.tlog\cl.write.1.tlog
d:\vs-code\igclwrapper\igclwrapper\igclwrapper\x64\debug\igclwrapper.tlog\custombuild.command.1.tlog
d:\vs-code\igclwrapper\igclwrapper\igclwrapper\x64\debug\igclwrapper.tlog\custombuild.read.1.tlog
d:\vs-code\igclwrapper\igclwrapper\igclwrapper\x64\debug\igclwrapper.tlog\custombuild.write.1.tlog
d:\vs-code\igclwrapper\igclwrapper\igclwrapper\x64\debug\igclwrapper.tlog\link.command.1.tlog
d:\vs-code\igclwrapper\igclwrapper\igclwrapper\x64\debug\igclwrapper.tlog\link.read.1.tlog
d:\vs-code\igclwrapper\igclwrapper\igclwrapper\x64\debug\igclwrapper.tlog\link.secondary.1.tlog
d:\vs-code\igclwrapper\igclwrapper\igclwrapper\x64\debug\igclwrapper.tlog\link.write.1.tlog
